{
  "version": "1.5.0",
  "plugins_used": [
    {
      "name": "ArtifactoryDetector"
    },
    {
      "name": "AWSKeyDetector"
    },
    {
      "name": "AzureStorageKeyDetector"
    },
    {
      "name": "Base64HighEntropyString",
      "limit": 4.5
    },
    {
      "name": "BasicAuthDetector"
    },
    {
      "name": "CloudantDetector"
    },
    {
      "name": "DiscordBotTokenDetector"
    },
    {
      "name": "GitHubTokenDetector"
    },
    {
      "name": "GitLabTokenDetector"
    },
    {
      "name": "HexHighEntropyString",
      "limit": 3.0
    },
    {
      "name": "IbmCloudIamDetector"
    },
    {
      "name": "IbmCosHmacDetector"
    },
    {
      "name": "IPPublicDetector"
    },
    {
      "name": "JwtTokenDetector"
    },
    {
      "name": "KeywordDetector",
      "keyword_exclude": ""
    },
    {
      "name": "MailchimpDetector"
    },
    {
      "name": "NpmDetector"
    },
    {
      "name": "OpenAIDetector"
    },
    {
      "name": "PrivateKeyDetector"
    },
    {
      "name": "PypiTokenDetector"
    },
    {
      "name": "SendGridDetector"
    },
    {
      "name": "SlackDetector"
    },
    {
      "name": "SoftlayerDetector"
    },
    {
      "name": "SquareOAuthDetector"
    },
    {
      "name": "StripeDetector"
    },
    {
      "name": "TelegramBotTokenDetector"
    },
    {
      "name": "TwilioKeyDetector"
    }
  ],
  "filters_used": [
    {
      "path": "detect_secrets.filters.allowlist.is_line_allowlisted"
    },
    {
      "path": "detect_secrets.filters.common.is_ignored_due_to_verification_policies",
      "min_level": 2
    },
    {
      "path": "detect_secrets.filters.heuristic.is_indirect_reference"
    },
    {
      "path": "detect_secrets.filters.heuristic.is_likely_id_string"
    },
    {
      "path": "detect_secrets.filters.heuristic.is_lock_file"
    },
    {
      "path": "detect_secrets.filters.heuristic.is_not_alphanumeric_string"
    },
    {
      "path": "detect_secrets.filters.heuristic.is_potential_uuid"
    },
    {
      "path": "detect_secrets.filters.heuristic.is_prefixed_with_dollar_sign"
    },
    {
      "path": "detect_secrets.filters.heuristic.is_sequential_string"
    },
    {
      "path": "detect_secrets.filters.heuristic.is_swagger_file"
    },
    {
      "path": "detect_secrets.filters.heuristic.is_templated_secret"
    }
  ],
  "results": {
    ".github/workflows/ci-pipeline.yml": [
      {
        "type": "Secret Keyword",
        "filename": ".github/workflows/ci-pipeline.yml",
        "hashed_secret": "8bb6118f8fd6935ad0876a3be34a717d32708ffd",
        "is_verified": false,
        "line_number": 158
      },
      {
        "type": "Secret Keyword",
        "filename": ".github/workflows/ci-pipeline.yml",
        "hashed_secret": "66422c7e5b3274f0f9775adacdcaab1f0e364684",
        "is_verified": false,
        "line_number": 177
      }
    ],
    "infrastructure/terraform/aks/main.tf": [
      {
        "type": "Secret Keyword",
        "filename": "infrastructure/terraform/aks/main.tf",
        "hashed_secret": "aeae1eef4b37c0d5ff57f91492c9b9ed7e9cfec6",
        "is_verified": false,
        "line_number": 224
      }
    ],
    "kubernetes/cert-manager/cluster-issuer.yaml": [
      {
        "type": "Secret Keyword",
        "filename": "kubernetes/cert-manager/cluster-issuer.yaml",
        "hashed_secret": "dcab722f01e091fa017da323b371db566611b1eb",
        "is_verified": false,
        "line_number": 86
      },
      {
        "type": "Secret Keyword",
        "filename": "kubernetes/cert-manager/cluster-issuer.yaml",
        "hashed_secret": "5e9e62654d5634fe9a24a3dfc32f0c9c1b0058ef",
        "is_verified": false,
        "line_number": 241
      }
    ],
    "kubernetes/ingress/nginx-ingress.yaml": [
      {
        "type": "Secret Keyword",
        "filename": "kubernetes/ingress/nginx-ingress.yaml",
        "hashed_secret": "54903b383ac7edd4dc9c784055f5743107880b94",
        "is_verified": false,
        "line_number": 39
      }
    ]
  },
  "generated_at": "2026-05-12T08:17:18Z"
}
